// Jest Snapshot v1, https://goo.gl/fbAQLP

exports[`<ProductTitle /> should display component as expected 1`] = `
<span
  className="productDescription undefined"
>
  test
</span>
`;
